main.c:78:6:Task_500ms	8	static
main.c:82:6:Task_1s	8	static
main.c:86:6:Task_1_5s	8	static
main.c:90:6:Task_2s	8	static
main.c:98:6:OneShot_TestTask	8	static
main.c:106:6:TaskA	8	static
main.c:111:6:TaskB	8	static
main.c:115:6:Error_Test_Task	8	static
main.c:121:5:main	8	static
main.c:197:6:SystemClock_Config	72	static
main.c:233:13:MX_TIM2_Init	32	static
main.c:278:13:MX_GPIO_Init	32	static
main.c:301:6:HAL_TIM_PeriodElapsedCallback	16	static
main.c:310:6:Error_Handler	4	static,ignoring_inline_asm
